// Jest Snapshot v1, https://goo.gl/fbAQLP

exports[`Confirm renders correctly 1`] = `""`;

exports[`Confirm renders correctly without close button 1`] = `""`;
