// Jest Snapshot v1, https://goo.gl/fbAQLP

exports[`connectHitsPerPage provides the current hitsPerPage value 1`] = `
Array [
  Object {
    "isRefined": false,
    "label": "3 items per page",
    "value": 3,
  },
  Object {
    "isRefined": false,
    "label": "10 items per page",
    "value": 10,
  },
  Object {
    "isRefined": true,
    "label": "",
    "value": 7,
  },
]
`;

exports[`connectHitsPerPage provides the current hitsPerPage value 2`] = `
Array [
  Object {
    "isRefined": true,
    "label": "3 items per page",
    "value": 3,
  },
  Object {
    "isRefined": false,
    "label": "10 items per page",
    "value": 10,
  },
  Object {
    "isRefined": false,
    "label": "",
    "value": 7,
  },
]
`;

exports[`connectHitsPerPage routing getWidgetSearchParameters should add the refinements according to the UI state provided 1`] = `
SearchParameters {
  "advancedSyntax": undefined,
  "allowTyposOnNumericTokens": undefined,
  "analytics": undefined,
  "analyticsTags": undefined,
  "aroundLatLng": undefined,
  "aroundLatLngViaIP": undefined,
  "aroundPrecision": undefined,
  "aroundRadius": undefined,
  "attributesToHighlight": undefined,
  "attributesToRetrieve": undefined,
  "attributesToSnippet": undefined,
  "disableExactOnAttributes": undefined,
  "disjunctiveFacets": Array [],
  "disjunctiveFacetsRefinements": Object {},
  "distinct": undefined,
  "enableExactOnSingleWordQuery": undefined,
  "facets": Array [],
  "facetsExcludes": Object {},
  "facetsRefinements": Object {},
  "getRankingInfo": undefined,
  "hierarchicalFacets": Array [],
  "hierarchicalFacetsRefinements": Object {},
  "highlightPostTag": undefined,
  "highlightPreTag": undefined,
  "hitsPerPage": 10,
  "ignorePlurals": undefined,
  "index": "",
  "insideBoundingBox": undefined,
  "insidePolygon": undefined,
  "length": undefined,
  "maxValuesPerFacet": undefined,
  "minProximity": undefined,
  "minWordSizefor1Typo": undefined,
  "minWordSizefor2Typos": undefined,
  "minimumAroundRadius": undefined,
  "numericFilters": undefined,
  "numericRefinements": Object {},
  "offset": undefined,
  "optionalFacetFilters": undefined,
  "optionalTagFilters": undefined,
  "optionalWords": undefined,
  "page": 0,
  "query": "",
  "queryType": undefined,
  "removeWordsIfNoResults": undefined,
  "replaceSynonymsInHighlight": undefined,
  "restrictSearchableAttributes": undefined,
  "snippetEllipsisText": undefined,
  "synonyms": undefined,
  "tagFilters": undefined,
  "tagRefinements": Array [],
  "typoTolerance": undefined,
}
`;

exports[`connectHitsPerPage routing getWidgetState should add an entry equal to the refinement 1`] = `
Object {
  "hitsPerPage": 10,
}
`;
