// Jest Snapshot v1, https://goo.gl/fbAQLP

exports[`Back Button renders correctly 1`] = `
<button
  className="MuiButtonBase-root-28 MuiButton-root-2 MuiButton-text-4 MuiButton-flat-7"
  disabled={false}
  onBlur={[Function]}
  onClick={[Function]}
  onFocus={[Function]}
  onKeyDown={[Function]}
  onKeyUp={[Function]}
  onMouseDown={[Function]}
  onMouseLeave={[Function]}
  onMouseUp={[Function]}
  onTouchEnd={[Function]}
  onTouchMove={[Function]}
  onTouchStart={[Function]}
  tabIndex="0"
  type="button"
>
  <span
    className="MuiButton-label-3"
  >
    <svg
      aria-hidden="true"
      className="MuiSvgIcon-root-31 BackButtonBranch-leftIcon-1"
      focusable="false"
      viewBox="0 0 24 24"
    >
      <path
        d="M11.67 3.87L9.9 2.1 0 12l9.9 9.9 1.77-1.77L3.54 12z"
      />
      <path
        d="M0 0h24v24H0z"
        fill="none"
      />
    </svg>
    Back
  </span>
  <span
    className="MuiTouchRipple-root-38"
  />
</button>
`;
