// Jest Snapshot v1, https://goo.gl/fbAQLP

exports[`renders correctly 1`] = `
<button
  aria-label="add"
  className="MuiButtonBase-root-28 MuiButton-root-2 MuiButton-fab-19 MuiButton-contained-13 MuiButton-containedSecondary-15 MuiButton-raised-16 MuiButton-raisedSecondary-18 AddButton-button-1"
  disabled={false}
  onBlur={[Function]}
  onClick={[Function]}
  onFocus={[Function]}
  onKeyDown={[Function]}
  onKeyUp={[Function]}
  onMouseDown={[Function]}
  onMouseLeave={[Function]}
  onMouseUp={[Function]}
  onTouchEnd={[Function]}
  onTouchMove={[Function]}
  onTouchStart={[Function]}
  tabIndex="0"
  type="button"
>
  <span
    className="MuiButton-label-3"
  >
    <svg
      aria-hidden="true"
      className="MuiSvgIcon-root-31"
      focusable="false"
      viewBox="0 0 24 24"
    >
      <path
        d="M19 13h-6v6h-2v-6H5v-2h6V5h2v6h6v2z"
      />
      <path
        d="M0 0h24v24H0z"
        fill="none"
      />
    </svg>
  </span>
  <span
    className="MuiTouchRipple-root-38"
  />
</button>
`;
