// Jest Snapshot v1, https://goo.gl/fbAQLP

exports[`Component Info renders correctly 1`] = `"Foo"`;
