<html>
  <body>
    <h1 id="heading">Heading</h1>
    <p>Paragraph</p>
    
  </body>
</html>
