// Jest Snapshot v1, https://goo.gl/fbAQLP

exports[`renders correctly 1`] = `
<table
  className="MuiTable-root-1"
>
  <tr
    className="MuiTableRow-root-5 ListingLoader-row-2"
  >
    <td
      aria-sort={null}
      className="MuiTableCell-root-10 MuiTableCell-paddingNone-17 ListingLoader-cell-3"
      colSpan={1}
    >
      <div
        className="MuiLinearProgress-root-18 MuiLinearProgress-colorPrimary-19 ListingLoader-progress-4"
        mode="query"
        role="progressbar"
      >
        <div
          className="MuiLinearProgress-bar-26 MuiLinearProgress-barColorPrimary-27 MuiLinearProgress-bar1Indeterminate-29"
          style={Object {}}
        />
        <div
          className="MuiLinearProgress-bar-26 MuiLinearProgress-barColorPrimary-27 MuiLinearProgress-bar2Indeterminate-32"
          style={Object {}}
        />
      </div>
    </td>
  </tr>
</table>
`;
