// Jest Snapshot v1, https://goo.gl/fbAQLP

exports[`renders correctly 1`] = `
<table
  className="MuiTable-root-1"
>
  <thead
    className="MuiTableHead-root-2"
  >
    <tr
      className="MuiTableRow-root-3 MuiTableRow-head-6"
    >
      <th
        aria-sort={null}
        className="MuiTableCell-root-8 MuiTableCell-head-9 MuiTableCell-paddingCheckbox-14"
        scope="col"
      >
        <span
          className="MuiButtonBase-root-31 MuiIconButton-root-25 MuiSwitchBase-root-21 MuiCheckbox-root-16 MuiCheckbox-colorPrimary-19 MuiSwitchBase-checked-22 MuiCheckbox-checked-17"
          onBlur={[Function]}
          onFocus={[Function]}
          onKeyDown={[Function]}
          onKeyUp={[Function]}
          onMouseDown={[Function]}
          onMouseLeave={[Function]}
          onMouseUp={[Function]}
          onTouchEnd={[Function]}
          onTouchMove={[Function]}
          onTouchStart={[Function]}
          tabIndex={null}
        >
          <span
            className="MuiIconButton-label-30"
          >
            <svg
              aria-hidden="true"
              className="MuiSvgIcon-root-34"
              focusable="false"
              viewBox="0 0 24 24"
            >
              <path
                d="M19 3H5c-1.11 0-2 .9-2 2v14c0 1.1.89 2 2 2h14c1.11 0 2-.9 2-2V5c0-1.1-.89-2-2-2zm-9 14l-5-5 1.41-1.41L10 14.17l7.59-7.59L19 8l-9 9z"
              />
            </svg>
            <input
              checked={true}
              className="MuiSwitchBase-input-24"
              onChange={[Function]}
              type="checkbox"
            />
          </span>
          <span
            className="MuiTouchRipple-root-41"
          />
        </span>
      </th>
      <th
        aria-sort={null}
        className="MuiTableCell-root-8 MuiTableCell-head-9"
        scope="col"
      >
        Array [
          <span
            aria-describedby={null}
            className="MuiButtonBase-root-31 MuiTableSortLabel-root-55 MuiTableSortLabel-active-56"
            onBlur={[Function]}
            onClick={[Function]}
            onFocus={[Function]}
            onKeyDown={[Function]}
            onKeyUp={[Function]}
            onMouseDown={[Function]}
            onMouseLeave={[Function]}
            onMouseOver={[Function]}
            onMouseUp={[Function]}
            onTouchEnd={[Function]}
            onTouchMove={[Function]}
            onTouchStart={[Function]}
            role="button"
            tabIndex="0"
            title="Sort"
          >
            Name
            <svg
              aria-hidden="true"
              className="MuiSvgIcon-root-34 MuiTableSortLabel-icon-57 MuiTableSortLabel-iconDirectionAsc-59"
              focusable="false"
              viewBox="0 0 24 24"
            >
              <path
                d="M20 12l-1.41-1.41L13 16.17V4h-2v12.17l-5.58-5.59L4 12l8 8 8-8z"
              />
            </svg>
          </span>,
          "",
        ]
      </th>
    </tr>
  </thead>
</table>
`;
