<html>
  <body class="alternate">
    <p>Body</p>
    
  </body>
</html>
