<html>
  <body>
    
    About page
  </body>
</html>
