<html>
  <body>
    <div class="code-example"><pre><code class="css"><span class="hljs-class">.good-design</span> <span class="hljs-rules">{
      <span class="hljs-rule"><span class="hljs-attribute">font-weight</span>:<span class="hljs-value"> <span class="hljs-number">100</span></span></span>;
      <span class="hljs-rule"><span class="hljs-attribute">color</span>:<span class="hljs-value"> <span class="hljs-hexcolor">#000</span></span></span>;
      <span class="hljs-rule"><span class="hljs-attribute">box-shadow</span>:<span class="hljs-value"> <span class="hljs-number">0</span> -<span class="hljs-number">1px</span> <span class="hljs-number">0</span> <span class="hljs-hexcolor">#fff</span></span></span>;
    }</span>
    </code></pre></div>
  </body>
</html>
