<html>
  <body>
    <img src="../image.jpg">
    <img src="../partial.png">
    
  </body>
</html>
