<html>
  <body>
    Helper!
    
  </body>
</html>
