<html>
  <body>
    <p>Body</p>
    <p>Partial!</p>
    
  </body>
</html>
