<html>
  <body>
    <p>Repeat 0!</p>
    <p>Repeat 1!</p>
    <p>Repeat 2!</p>
    <p>Repeat 3!</p>
    <p>Repeat 4!</p>
    
  </body>
</html>
