// Jest Snapshot v1, https://goo.gl/fbAQLP

exports[`Blog component renders with defaults 1`] = `
"<aside class=\\"b-blog\\" role=\\"navigation\\">
  <div class=\\"b-blog__title\\">
    <h3>From the blogâ€¦</h3>
  </div>
  <ul class=\\"b-blog__list\\">
    <li class=\\"b-blog__item\\"><a rel=\\"bookmark\\" href=\\"/2018/05/21/pwa-progressive-web-apps/\\">PWA: Progressive Web Apps</a><time class=\\"time\\" dateTime=\\"2018-05-21T10:00:00.000Z\\">Monday <b>21 <abbr title=\\"May\\">May</abbr> 2018</b></time></li>
    <li class=\\"b-blog__item\\"><a rel=\\"bookmark\\" href=\\"/2018/04/05/react-redux-internationalisation/\\">React &amp; Redux - Internationalisation</a><time class=\\"time\\" dateTime=\\"2018-04-05T10:00:00.000Z\\">Thursday <b>5 <abbr title=\\"April\\">Apr</abbr> 2018</b></time></li>
    <li class=\\"b-blog__item\\"><a rel=\\"bookmark\\" href=\\"/2018/02/21/codepen-snippets/\\">CodePen Snippets</a><time class=\\"time\\" dateTime=\\"2018-02-21T10:00:00.000Z\\">Wednesday <b>21 <abbr title=\\"February\\">Feb</abbr> 2018</b></time></li>
    <li class=\\"b-blog__item\\"><a rel=\\"bookmark\\" href=\\"/2018/01/11/hello-2018/\\">Hello Twenty Eighteen</a><time class=\\"time\\" dateTime=\\"2018-01-11T10:00:00.000Z\\">Thursday <b>11 <abbr title=\\"January\\">Jan</abbr> 2018</b></time></li>
    <li class=\\"b-blog__item\\"><a rel=\\"bookmark\\" href=\\"/2017/09/20/raspberry-pi-epaper/\\">Raspberry Pi + e-Paper module + Node.js</a><time class=\\"time\\" dateTime=\\"2017-09-20T10:00:00.000Z\\">Wednesday <b>20 <abbr title=\\"September\\">Sep</abbr> 2017</b></time></li>
    <li class=\\"b-blog__item\\"><a rel=\\"bookmark\\" href=\\"/2017/08/15/tifu-by-deleting-my-work/\\">#TIFU by deleting my work</a><time class=\\"time\\" dateTime=\\"2017-08-15T10:00:00.000Z\\">Tuesday <b>15 <abbr title=\\"August\\">Aug</abbr> 2017</b></time></li>
  </ul>
</aside>"
`;
