<html>
  <body>
    eggs
    bacon
    toast
    
  </body>
</html>
