<html>
  <body>
    Layout: Yes, kittens.
    Page: Yes, kittens.
    
    Partial: Yes, kittens.
  </body>
</html>
