<html>
  <body>
    eggs
    bacon
    toast
    ham
    cheese
    chips
    
  </body>
</html>
