<html>
  <body>
    Yes, kittens.
    
    Not kittens.
    
  </body>
</html>
