<html>
  <body>
    Not index page
    
  </body>
</html>
