<html>
  <body>
    
    Not about page
  </body>
</html>
