<html>
  <body>
    default
    
  </body>
</html>
