// Jest Snapshot v1, https://goo.gl/fbAQLP

exports[`PriceRangesForm display should pass all css classes and labels 1`] = `
<form
  className="form"
  onSubmit={[Function]}
>
  <label
    className="label"
  >
    <span
      className="currency"
    >
      $
       
    </span>
    <input
      className="input"
      onChange={[Function]}
      type="number"
      value={10}
    />
  </label>
  <span
    className="separator"
  >
     
    to
     
  </span>
  <label
    className="label"
  >
    <span
      className="currency"
    >
      $
       
    </span>
    <input
      className="input"
      onChange={[Function]}
      type="number"
      value={20}
    />
  </label>
  <button
    className="button"
    type="submit"
  >
    Go
  </button>
</form>
`;
